// Jest Snapshot v1, https://goo.gl/fbAQLP

exports[`should handle delimitation in ruby (customParenthesis) 1`] = `"<p><ruby><rb>first, </rb><rb>second part</rb><rb> and </rb><rb>third</rb><rp>{</rp><rt>eins, </rt><rt>zwei</rt><rt> und </rt><rt>drei</rt><rp>}</rp></ruby></p>"`;

exports[`should handle delimitation in ruby (empty object) 1`] = `"<p><ruby><rb>first, </rb><rb>second part</rb><rb> and </rb><rb>third</rb><rp>(</rp><rt>eins, </rt><rt>zwei</rt><rt> und </rt><rt>drei</rt><rp>)</rp></ruby></p>"`;

exports[`should handle delimitation in ruby (no-config) 1`] = `"<p><ruby><rb>first, </rb><rb>second part</rb><rb> and </rb><rb>third</rb><rp>(</rp><rt>eins, </rt><rt>zwei</rt><rt> und </rt><rt>drei</rt><rp>)</rp></ruby></p>"`;

exports[`should handle delimitation in ruby (singleParenthesis) 1`] = `"<p><ruby><rb>first, </rb><rb>second part</rb><rb> and </rb><rb>third</rb><rp>:</rp><rt>eins, </rt><rt>zwei</rt><rt> und </rt><rt>drei</rt><rp>:</rp></ruby></p>"`;

exports[`should render ruby tag (customParenthesis) 1`] = `"<p>According to <a href=\\"https://en.wikipedia.org/wiki/Furigana\\">Wiki</a>, <ruby>Furigana<rp>{</rp><rt>振り仮名</rt><rp>}</rp></ruby> is a Japanese reading aid.</p>"`;

exports[`should render ruby tag (empty object) 1`] = `"<p>According to <a href=\\"https://en.wikipedia.org/wiki/Furigana\\">Wiki</a>, <ruby>Furigana<rp>(</rp><rt>振り仮名</rt><rp>)</rp></ruby> is a Japanese reading aid.</p>"`;

exports[`should render ruby tag (no-config) 1`] = `"<p>According to <a href=\\"https://en.wikipedia.org/wiki/Furigana\\">Wiki</a>, <ruby>Furigana<rp>(</rp><rt>振り仮名</rt><rp>)</rp></ruby> is a Japanese reading aid.</p>"`;

exports[`should render ruby tag (singleParenthesis) 1`] = `"<p>According to <a href=\\"https://en.wikipedia.org/wiki/Furigana\\">Wiki</a>, <ruby>Furigana<rp>:</rp><rt>振り仮名</rt><rp>:</rp></ruby> is a Japanese reading aid.</p>"`;
